ASxxxx Linker V03.00/V05.40 + sdld,  page 1.
Hexadecimal  [32-Bits]

Area                                    Addr        Size        Decimal Bytes (Attributes)
--------------------------------        ----        ----        ------- ----- ------------
CABS                                00000000    00000000 =           0. bytes (ABS,CON,CODE)

      Value  Global                              Global Defined In Module
      -----  --------------------------------   ------------------------
C:   00000000  _BIT_TMP                        
C:   00000000  _Init_Timer                     
C:   00000000  _RunVirtualTimer                
C:   00000000  _T0E                            
C:   00000000  _T0P                            
C:   00000000  _T1E                            
C:   00000000  _T1P                            
C:   00000000  _T2E                            
C:   00000000  _T2P                            
C:   00000000  _T3E                            
C:   00000000  _T3P                            
C:   00000000  _T_SV                           
C:   00000000  l_BIT_BANK                      
C:   00000000  l_BSEG                          
C:   00000000  l_BSEG_BYTES                    
C:   00000000  l_CABS                          
C:   00000000  l_GSINIT1                       
C:   00000000  l_GSINIT5                       
C:   00000000  l_IABS                          
C:   00000000  l_ISEG                          
C:   00000000  l_PSEG                          
C:   00000000  l_REG_BANK_1                    
C:   00000000  l_REG_BANK_2                    
C:   00000000  l_REG_BANK_3                    
C:   00000000  l_RSEG                          
C:   00000000  l_RSEG0                         
C:   00000000  l_RSEG1                         
C:   00000000  l_XABS                          
C:   00000000  l__CODE                         
C:   00000000  s_BSEG                          
C:   00000000  s_CABS                          
C:   00000000  s_DSEG                          
C:   00000000  s_HOME                          
C:   00000000  s_IABS                          
C:   00000000  s_ISEG                          
C:   00000000  s_PSEG                          
C:   00000000  s_REG_BANK_0                    
C:   00000000  s_RSEG                          
C:   00000000  s_RSEG0                         
C:   00000000  s_RSEG1                         
C:   00000000  s_XABS                          
C:   00000000  s_XSEG                          
C:   00000002  l_OSEG                          
C:   00000003  l_GSFINAL                       
C:   00000003  l_GSINIT0                       
C:   00000008  l_REG_BANK_0                    
C:   00000008  s_REG_BANK_1                    
C:   00000009  l_XINIT                         
C:   00000009  l_XISEG                         
C:   0000000A  l_GSINIT2                       
ASxxxx Linker V03.00/V05.40 + sdld,  page 2.
Hexadecimal  [32-Bits]

Area                                    Addr        Size        Decimal Bytes (Attributes)
--------------------------------        ----        ----        ------- ----- ------------
CABS                                00000000    00000000 =           0. bytes (ABS,CON,CODE)

      Value  Global                              Global Defined In Module
      -----  --------------------------------   ------------------------
C:   00000010  s_REG_BANK_2                    
C:   00000018  s_BIT_BANK                      
C:   00000018  s_REG_BANK_3                    
C:   00000020  s_BSEG_BYTES                    
C:   00000020  s__CODE                         
C:   00000022  l_GSINIT3                       
C:   0000002A  l_GSINIT4                       
C:   00000034  l_GSINIT                        
C:   00000045  l_CONST                         
C:   0000004A  s_OSEG                          
C:   0000004C  s_SSEG                          
C:   0000004F  l_XSEG                          
C:   0000004F  s_XISEG                         
C:   00000080  l_DSEG                          
C:   000000A4  l_HOME                          
C:   000000A4  s_GSINIT0                       
C:   000000A7  s_GSINIT1                       
C:   000000A7  s_GSINIT2                       
C:   000000B1  s_GSINIT3                       
C:   000000B4  l_SSEG                          
C:   000000D3  s_GSINIT4                       
C:   000000FD  s_GSINIT                        
C:   000000FD  s_GSINIT5                       
C:   00000100  l_IRAM                          
C:   00000131  s_GSFINAL                       
C:   00000134  s_CSEG                          
C:   00000BA7  l_CSEG                          
C:   00000CDB  s_CONST                         
C:   00000D20  s_XINIT                         

ASxxxx Linker V03.00/V05.40 + sdld,  page 3.
Hexadecimal  [32-Bits]

Area                                    Addr        Size        Decimal Bytes (Attributes)
--------------------------------        ----        ----        ------- ----- ------------
.  .ABS.                            00000000    00000000 =           0. bytes (ABS,CON)

      Value  Global                              Global Defined In Module
      -----  --------------------------------   ------------------------
     00000000  .__.ABS.                           _fsget1arg
     00000080  _MOSI                              main
     00000080  _P00                               main
     00000081  _MISO                              main
     00000081  _P01                               main
     00000082  _P02                               main
     00000082  _RXD_1                             main
     00000083  _P03                               main
     00000084  _P04                               main
     00000084  _STADC                             main
     00000085  _P05                               main
     00000086  _P06                               main
     00000086  _TXD                               main
     00000087  _P07                               main
     00000087  _RXD                               main
     00000088  _IT0                               main
     00000089  _IE0                               main
     00000089  _TMOD                              main
     0000008A  _IT1                               main
     0000008A  _TL0                               main
     0000008B  _IE1                               main
     0000008B  _TL1                               main
     0000008C  _TH0                               main
     0000008C  _TR0                               main
     0000008D  _TF0                               main
     0000008D  _TH1                               main
     0000008E  _CKCON                             main
     0000008E  _TR1                               main
     0000008F  _TF1                               main
     0000008F  _WKCON                             main
     00000090  _P1                                main
     00000090  _P10                               main
     00000091  _P11                               main
     00000091  _SFRS                              main
     00000092  _CAPCON0                           main
     00000092  _P12                               main
     00000093  _CAPCON1                           main
     00000093  _P13                               main
     00000093  _SCL                               main
     00000094  _CAPCON2                           main
     00000094  _P14                               main
     00000094  _SDA                               main
     00000095  _CKDIV                             main
     00000095  _P15                               main
     00000095  _STB                               main
     00000096  _CKSWT                             main
     00000096  _CLK                               main
     00000096  _P16                               main
     00000096  _TXD_1                             main
     00000097  _CKEN                              main
ASxxxx Linker V03.00/V05.40 + sdld,  page 4.
Hexadecimal  [32-Bits]

Area                                    Addr        Size        Decimal Bytes (Attributes)
--------------------------------        ----        ----        ------- ----- ------------
.  .ABS.                            00000000    00000000 =           0. bytes (ABS,CON)

      Value  Global                              Global Defined In Module
      -----  --------------------------------   ------------------------
     00000097  _DIO                               main
     00000097  _P17                               main
     00000098  _RI                                main
     00000098  _SCON                              main
     00000099  _SBUF                              main
     00000099  _TI                                main
     0000009A  _RB8                               main
     0000009A  _SBUF_1                            main
     0000009B  _EIE                               main
     0000009B  _TB8                               main
     0000009C  _EIE1                              main
     0000009C  _REN                               main
     0000009D  _SM2                               main
     0000009E  _SM1                               main
     0000009F  _CHPCON                            main
     0000009F  _FE                                main
     0000009F  _SM0                               main
     000000A0  _P2                                main
     000000A0  _P20                               main
     000000A0  __XPAGE                            
     000000A2  _AUXR1                             main
     000000A3  _BODCON0                           main
     000000A4  _IAPTRG                            main
     000000A5  _IAPUEN                            main
     000000A6  _IAPAL                             main
     000000A7  _IAPAH                             main
     000000A8  _EX0                               main
     000000A8  _IE                                main
     000000A9  _ET0                               main
     000000A9  _SADDR                             main
     000000AA  _EX1                               main
     000000AA  _WDCON                             main
     000000AB  _BODCON1                           main
     000000AB  _ET1                               main
     000000AC  _ES                                main
     000000AC  _P3M1                              main
     000000AC  _P3S                               main
     000000AD  _EBOD                              main
     000000AD  _P3M2                              main
     000000AD  _P3SR                              main
     000000AE  _EADC                              main
     000000AE  _IAPFD                             main
     000000AF  _EA                                main
     000000AF  _IAPCN                             main
     000000B0  _P3                                main
     000000B0  _P30                               main
     000000B1  _P0M1                              main
     000000B1  _P0S                               main
     000000B2  _P0M2                              main
     000000B2  _P0SR                              main
     000000B3  _P1M1                              main
ASxxxx Linker V03.00/V05.40 + sdld,  page 5.
Hexadecimal  [32-Bits]

Area                                    Addr        Size        Decimal Bytes (Attributes)
--------------------------------        ----        ----        ------- ----- ------------
.  .ABS.                            00000000    00000000 =           0. bytes (ABS,CON)

      Value  Global                              Global Defined In Module
      -----  --------------------------------   ------------------------
     000000B3  _P1S                               main
     000000B4  _P1M2                              main
     000000B4  _P1SR                              main
     000000B5  _P2S                               main
     000000B7  _IPH                               main
     000000B7  _PWMINTC                           main
     000000B8  _IP                                main
     000000B8  _PX0                               main
     000000B9  _PT0                               main
     000000B9  _SADEN                             main
     000000BA  _PX1                               main
     000000BA  _SADEN_1                           main
     000000BB  _PT1                               main
     000000BB  _SADDR_1                           main
     000000BC  _I2DAT                             main
     000000BC  _PS                                main
     000000BD  _I2STAT                            main
     000000BD  _PBOD                              main
     000000BE  _I2CLK                             main
     000000BE  _PADC                              main
     000000BF  _I2TOC                             main
     000000C0  _I2CON                             main
     000000C0  _I2CPX                             main
     000000C1  _I2ADDR                            main
     000000C2  _AA                                main
     000000C2  _ADCRL                             main
     000000C3  _ADCRH                             main
     000000C3  _SI                                main
     000000C4  _PWM4H                             main
     000000C4  _STO                               main
     000000C4  _T3CON                             main
     000000C5  _PWM5H                             main
     000000C5  _RL3                               main
     000000C5  _STA                               main
     000000C6  _I2CEN                             main
     000000C6  _PIOCON1                           main
     000000C6  _RH3                               main
     000000C7  _TA                                main
     000000C8  _CM_RL2                            main
     000000C8  _T2CON                             main
     000000C9  _T2MOD                             main
     000000CA  _RCMP2L                            main
     000000CA  _TR2                               main
     000000CB  _RCMP2H                            main
     000000CC  _PWM4L                             main
     000000CC  _TL2                               main
     000000CD  _PWM5L                             main
     000000CD  _TH2                               main
     000000CE  _ADCMPL                            main
     000000CF  _ADCMPH                            main
     000000CF  _TF2                               main
ASxxxx Linker V03.00/V05.40 + sdld,  page 6.
Hexadecimal  [32-Bits]

Area                                    Addr        Size        Decimal Bytes (Attributes)
--------------------------------        ----        ----        ------- ----- ------------
.  .ABS.                            00000000    00000000 =           0. bytes (ABS,CON)

      Value  Global                              Global Defined In Module
      -----  --------------------------------   ------------------------
     000000D0  _P                                 main
     000000D0  _PSW                               main
     000000D1  _PWMPH                             main
     000000D2  _OV                                main
     000000D2  _PWM0H                             main
     000000D3  _PWM1H                             main
     000000D3  _RS0                               main
     000000D4  _PWM2H                             main
     000000D4  _RS1                               main
     000000D5  _F0                                main
     000000D5  _PWM3H                             main
     000000D6  _AC                                main
     000000D6  _PNP                               main
     000000D7  _CY                                main
     000000D7  _FBD                               main
     000000D8  _PWMCON0                           main
     000000D9  _PWMPL                             main
     000000DA  _PWM0L                             main
     000000DB  _PWM1L                             main
     000000DC  _CLRPWM                            main
     000000DC  _PWM2L                             main
     000000DD  _PWM3L                             main
     000000DD  _PWMF                              main
     000000DE  _LOAD                              main
     000000DE  _PIOCON0                           main
     000000DF  _PWMCON1                           main
     000000DF  _PWMRUN                            main
     000000E0  _ACC                               main
     000000E1  _ADCCON1                           main
     000000E2  _ADCCON2                           main
     000000E3  _ADCDLY                            main
     000000E4  _C0L                               main
     000000E5  _C0H                               main
     000000E6  _C1L                               main
     000000E7  _C1H                               main
     000000E8  _ADCCON0                           main
     000000E8  _ADCHS0                            main
     000000E9  _ADCHS1                            main
     000000E9  _PICON                             main
     000000EA  _ADCHS2                            main
     000000EA  _PINEN                             main
     000000EB  _ADCHS3                            main
     000000EB  _PIPEN                             main
     000000EC  _ETGSEL0                           main
     000000EC  _PIF                               main
     000000ED  _C2L                               main
     000000ED  _ETGSEL1                           main
     000000EE  _ADCS                              main
     000000EE  _C2H                               main
     000000EF  _ADCF                              main
     000000EF  _EIP                               main
ASxxxx Linker V03.00/V05.40 + sdld,  page 7.
Hexadecimal  [32-Bits]

Area                                    Addr        Size        Decimal Bytes (Attributes)
--------------------------------        ----        ----        ------- ----- ------------
.  .ABS.                            00000000    00000000 =           0. bytes (ABS,CON)

      Value  Global                              Global Defined In Module
      -----  --------------------------------   ------------------------
     000000F0  _B                                 main
     000000F1  _CAPCON3                           main
     000000F2  _CAPCON4                           main
     000000F3  _SPCR                              main
     000000F3  _SPCR2                             main
     000000F4  _SPSR                              main
     000000F5  _B_5                               _gptrget
     000000F5  _SPDR                              main
     000000F6  _AINDIDS                           main
     000000F6  _B_6                               _gptrget
     000000F7  _B_7                               _gptrget
     000000F7  _EIPH                              main
     000000F8  _RI_1                              main
     000000F8  _SCON_1                            main
     000000F9  _PDTEN                             main
     000000F9  _TI_1                              main
     000000FA  _PDTCNT                            main
     000000FA  _RB8_1                             main
     000000FB  _PMEN                              main
     000000FB  _TB8_1                             main
     000000FC  _PMD                               main
     000000FC  _REN_1                             main
     000000FD  _SM2_1                             main
     000000FE  _EIP1                              main
     000000FE  _SM1_1                             main
     000000FF  _EIPH1                             main
     000000FF  _FE_1                              main
     000000FF  _SM0_1                             main
ASxxxx Linker V03.00/V05.40 + sdld,  page 8.
Hexadecimal  [32-Bits]

Area                                    Addr        Size        Decimal Bytes (Attributes)
--------------------------------        ----        ----        ------- ----- ------------
REG_BANK_0                          00000000    00000008 =           8. bytes (REL,OVR)

      Value  Global                              Global Defined In Module
      -----  --------------------------------   ------------------------
ASxxxx Linker V03.00/V05.40 + sdld,  page 9.
Hexadecimal  [32-Bits]

Area                                    Addr        Size        Decimal Bytes (Attributes)
--------------------------------        ----        ----        ------- ----- ------------
DSEG                                00000000    00000080 =         128. bytes (REL,CON)

      Value  Global                              Global Defined In Module
      -----  --------------------------------   ------------------------
     00000008  _Cnt_1s                            main
     0000000A  _Cnt_1m                            main
     0000000C  _Cnt_100ms                         main
     0000000E  _Cnt_200ms                         main
     00000010  _key_press                         main
     00000012  _TimerElaspsed_1min                main
     00000013  _TimerElaspsed_1sec                main
     00000014  _TimerElaspsed_100ms               main
     00000015  _TimerElaspsed_200ms               main
     00000016  _m                                 main
     00000017  _y                                 main
     00000018  _bb                                main
     00000019  _adc_value                         main
     0000001B  _LoadDispBuffer                    main
     00000025  _write_data                        main
     00000035  _writeData_PARM_2                  main
     00000036  _display_PARM_2                    main
     00000037  _Flash_Write_PARM_2                main
     0000003A  _Flash_Write_PARM_3                main
     0000003B  _Flash_Read_PARM_2                 main
     0000003E  _Flash_Read_PARM_3                 main
     0000003F  _flag                              main
     00000040  _i                                 main

ASxxxx Linker V03.00/V05.40 + sdld,  page 10.
Hexadecimal  [32-Bits]

Area                                    Addr        Size        Decimal Bytes (Attributes)
--------------------------------        ----        ----        ------- ----- ------------
OSEG                                0000004A    00000002 =           2. bytes (REL,OVR)

      Value  Global                              Global Defined In Module
      -----  --------------------------------   ------------------------
     0000004A  _Flash_Write_Byte_PARM_2           main
     0000004A  __divsint_PARM_2                   _divuint
     0000004A  __divuint_PARM_2                   _divuint
     0000004A  __gptrput_PARM_2                   _gptrput
     0000004A  __modsint_PARM_2                   _moduint
     0000004A  __moduint_PARM_2                   _moduint
ASxxxx Linker V03.00/V05.40 + sdld,  page 11.
Hexadecimal  [32-Bits]

Area                                    Addr        Size        Decimal Bytes (Attributes)
--------------------------------        ----        ----        ------- ----- ------------
SSEG                                0000004C    000000B4 =         180. bytes (REL,OVR)

      Value  Global                              Global Defined In Module
      -----  --------------------------------   ------------------------
     0000004C  __start__stack                     main

ASxxxx Linker V03.00/V05.40 + sdld,  page 12.
Hexadecimal  [32-Bits]

Area                                    Addr        Size        Decimal Bytes (Attributes)
--------------------------------        ----        ----        ------- ----- ------------
XSEG                                00000000    0000004F =          79. bytes (REL,CON,XDATA)

      Value  Global                              Global Defined In Module
      -----  --------------------------------   ------------------------
D:   00000000  _adc_buffer                        main
D:   00000032  _ADCconversion                     main
D:   00000033  _ADC_CHANNEL_SWITCHING             main
D:   00000034  _curr                              main
D:   00000036  _volt                              main
D:   00000038  _cnt_sample                        main
D:   00000039  _peak                              main
D:   0000003D  _temp_v                            main
D:   0000003F  _read_data                         main
ASxxxx Linker V03.00/V05.40 + sdld,  page 13.
Hexadecimal  [32-Bits]

Area                                    Addr        Size        Decimal Bytes (Attributes)
--------------------------------        ----        ----        ------- ----- ------------
XISEG                               0000004F    00000009 =           9. bytes (REL,CON,XDATA)

      Value  Global                              Global Defined In Module
      -----  --------------------------------   ------------------------
D:   0000004F  _adc_index                         main
D:   00000051  _data_ready                        main
D:   00000052  _max_val                           main
D:   00000054  _div_volt                          main
D:   00000056  _scaled                            main

ASxxxx Linker V03.00/V05.40 + sdld,  page 14.
Hexadecimal  [32-Bits]

Area                                    Addr        Size        Decimal Bytes (Attributes)
--------------------------------        ----        ----        ------- ----- ------------
HOME                                00000000    000000A4 =         164. bytes (REL,CON,CODE)

      Value  Global                              Global Defined In Module
      -----  --------------------------------   ------------------------
C:   00000060  sdcc_atomic_exchange_rollback_st   main
C:   00000087  sdcc_atomic_exchange_gptr_impl     main
C:   00000087  sdcc_atomic_exchange_rollback_en   main
C:   00000097  sdcc_atomic_compare_exchange_gpt   main
C:   000000A1  __sdcc_program_startup             main

ASxxxx Linker V03.00/V05.40 + sdld,  page 15.
Hexadecimal  [32-Bits]

Area                                    Addr        Size        Decimal Bytes (Attributes)
--------------------------------        ----        ----        ------- ----- ------------
GSINIT0                             000000A4    00000003 =           3. bytes (REL,CON,CODE)

      Value  Global                              Global Defined In Module
      -----  --------------------------------   ------------------------
C:   000000A4  __sdcc_gsinit_startup              

ASxxxx Linker V03.00/V05.40 + sdld,  page 16.
Hexadecimal  [32-Bits]

Area                                    Addr        Size        Decimal Bytes (Attributes)
--------------------------------        ----        ----        ------- ----- ------------
GSINIT2                             000000A7    0000000A =          10. bytes (REL,CON,CODE)

      Value  Global                              Global Defined In Module
      -----  --------------------------------   ------------------------
ASxxxx Linker V03.00/V05.40 + sdld,  page 17.
Hexadecimal  [32-Bits]

Area                                    Addr        Size        Decimal Bytes (Attributes)
--------------------------------        ----        ----        ------- ----- ------------
GSINIT3                             000000B1    00000022 =          34. bytes (REL,CON,CODE)

      Value  Global                              Global Defined In Module
      -----  --------------------------------   ------------------------
C:   000000B1  __mcs51_genXINIT                   

ASxxxx Linker V03.00/V05.40 + sdld,  page 18.
Hexadecimal  [32-Bits]

Area                                    Addr        Size        Decimal Bytes (Attributes)
--------------------------------        ----        ----        ------- ----- ------------
GSINIT4                             000000D3    0000002A =          42. bytes (REL,CON,CODE)

      Value  Global                              Global Defined In Module
      -----  --------------------------------   ------------------------
C:   000000D3  __mcs51_genRAMCLEAR                
C:   000000D9  __mcs51_genXRAMCLEAR               

ASxxxx Linker V03.00/V05.40 + sdld,  page 19.
Hexadecimal  [32-Bits]

Area                                    Addr        Size        Decimal Bytes (Attributes)
--------------------------------        ----        ----        ------- ----- ------------
GSINIT                              000000FD    00000034 =          52. bytes (REL,CON,CODE)

      Value  Global                              Global Defined In Module
      -----  --------------------------------   ------------------------
ASxxxx Linker V03.00/V05.40 + sdld,  page 20.
Hexadecimal  [32-Bits]

Area                                    Addr        Size        Decimal Bytes (Attributes)
--------------------------------        ----        ----        ------- ----- ------------
GSFINAL                             00000131    00000003 =           3. bytes (REL,CON,CODE)

      Value  Global                              Global Defined In Module
      -----  --------------------------------   ------------------------
ASxxxx Linker V03.00/V05.40 + sdld,  page 21.
Hexadecimal  [32-Bits]

Area                                    Addr        Size        Decimal Bytes (Attributes)
--------------------------------        ----        ----        ------- ----- ------------
CSEG                                00000134    00000BA7 =        2983. bytes (REL,CON,CODE)

      Value  Global                              Global Defined In Module
      -----  --------------------------------   ------------------------
C:   00000134  _Timer0_Delay1ms                   main
C:   00000147  _Timer0_ISR                        main
C:   000001CD  _Init_application                  main
C:   000001F2  _Init_ports                        main
C:   000001F9  _ADC_Init                          main
C:   00000206  _get_peak_voltage                  main
C:   0000026F  _ADC_ISR                           main
C:   00000318  _TM1638_Write                      main
C:   00000342  _writeCMD                          main
C:   0000034A  _writeData                         main
C:   00000369  _display                           main
C:   000003B1  _tm1638_read_byte                  main
C:   000003FD  _tm1638_read_key                   main
C:   0000044E  _IAP_Enable                        main
C:   00000461  _IAP_Disable                       main
C:   00000474  _delay_ms                          main
C:   00000498  _Flash_Erase                       main
C:   000004B4  _Flash_Write_Byte                  main
C:   000004D0  _Flash_Write                       main
C:   00000512  _Flash_Read_Byte                   main
C:   0000052E  _Flash_Read                        main
C:   0000057D  _main                              main
C:   0000080D  _ChangeDisplay                     main
C:   0000093A  ___fssub                           _fssub
C:   00000945  __divuint                          _divuint
C:   0000096E  ___fsmul                           _fsmul
C:   00000A11  fsgetargs                          _fsget2args
C:   00000A3F  fs_normalize_a                     _fsnormalize
C:   00000A72  __gptrput                          _gptrput
C:   00000A8D  ___fslt                            _fslt
C:   00000ABD  __moduint                          _moduint
C:   00000B0A  ___fsadd                           _fsadd
C:   00000B0D  fsadd_direct_entry                 _fsadd
C:   00000B63  fs_compare_uint32                  _fscmp
C:   00000B81  fs_check_negative_zeros            _fscmp
C:   00000BAC  ___uint2fs                         _uint2fs
C:   00000BB8  ___fs2uint                         _fs2uint
C:   00000BC3  fs_round_and_return                _fsreturnval
C:   00000BDB  fs_zerocheck_return                _fsreturnval
C:   00000BE4  fs_return_zero                     _fsreturnval
C:   00000BEC  fs_direct_return                   _fsreturnval
C:   00000BFA  fs_return_inf                      _fsreturnval
C:   00000C07  fs_return_nan                      _fsreturnval
C:   00000C12  fs_swap_a_b                        _fsswapargs
C:   00000C2C  __gptrget                          _gptrget
C:   00000C48  ___ulong2fs                        _ulong2fs
C:   00000C51  ulong2fs_doit                      _ulong2fs
C:   00000C5B  fs_rshift_a                        _fsrshift
C:   00000C9E  ___fs2ulong                        _fs2ulong
C:   00000CA0  fs2ulong_begin                     _fs2ulong
ASxxxx Linker V03.00/V05.40 + sdld,  page 22.
Hexadecimal  [32-Bits]

Area                                    Addr        Size        Decimal Bytes (Attributes)
--------------------------------        ----        ----        ------- ----- ------------
CSEG                                00000134    00000BA7 =        2983. bytes (REL,CON,CODE)

      Value  Global                              Global Defined In Module
      -----  --------------------------------   ------------------------
C:   00000CC5  ___sdcc_external_startup           _startup
C:   00000CC9  fsgetarg                           _fsget1arg

ASxxxx Linker V03.00/V05.40 + sdld,  page 23.
Hexadecimal  [32-Bits]

Area                                    Addr        Size        Decimal Bytes (Attributes)
--------------------------------        ----        ----        ------- ----- ------------
CONST                               00000CDB    00000045 =          69. bytes (REL,CON,CODE)

      Value  Global                              Global Defined In Module
      -----  --------------------------------   ------------------------
C:   00000CDB  __NV                               main
C:   00000CDC  __AA                               main
C:   00000CDD  __BB                               main
C:   00000CDE  __CC                               main
C:   00000CDF  __DD                               main
C:   00000CE0  __EE                               main
C:   00000CE1  __FF                               main
C:   00000CE2  __GG                               main
C:   00000CE3  __HH                               main
C:   00000CE4  __II                               main
C:   00000CE5  __JJ                               main
C:   00000CE6  __KK                               main
C:   00000CE7  __LL                               main
C:   00000CE8  __MM                               main
C:   00000CE9  __NN                               main
C:   00000CEA  __OO                               main
C:   00000CEB  __PP                               main
C:   00000CEC  __QQ                               main
C:   00000CED  __RR                               main
C:   00000CEE  __SS                               main
C:   00000CEF  __TT                               main
C:   00000CF0  __UU                               main
C:   00000CF1  __VV                               main
C:   00000CF2  __WW                               main
C:   00000CF3  __XX                               main
C:   00000CF4  __YY                               main
C:   00000CF5  __ZZ                               main
C:   00000CF6  __DP                               main
C:   00000CF7  __MINUS                            main
C:   00000CF8  _led_val                           main
ASxxxx Linker V03.00/V05.40 + sdld,  page 24.
Hexadecimal  [32-Bits]

Area                                    Addr        Size        Decimal Bytes (Attributes)
--------------------------------        ----        ----        ------- ----- ------------
XINIT                               00000D20    00000009 =           9. bytes (REL,CON,CODE)

      Value  Global                              Global Defined In Module
      -----  --------------------------------   ------------------------
ASxxxx Linker V03.00/V05.40 + sdld,  page 25.

Files Linked                              [ module(s) ]

main.rel                                  [  ]


Libraries Linked                          [ object file ]

/opt/homebrew/bin/../share/sdcc/lib/small/libfloat.lib
                                          [ _fssub.rel ]
/opt/homebrew/bin/../share/sdcc/lib/small/libint.lib
                                          [ _divuint.rel ]
/opt/homebrew/bin/../share/sdcc/lib/small/libfloat.lib
                                          [ _fsmul.rel ]
/opt/homebrew/bin/../share/sdcc/lib/small/libfloat.lib
                                          [ _fsget2args.rel ]
/opt/homebrew/bin/../share/sdcc/lib/small/mcs51.lib
                                          [ crtclear.rel ]
/opt/homebrew/bin/../share/sdcc/lib/small/libfloat.lib
                                          [ _fsnormalize.rel ]
/opt/homebrew/bin/../share/sdcc/lib/small/mcs51.lib
                                          [ crtxinit.rel ]
/opt/homebrew/bin/../share/sdcc/lib/small/libsdcc.lib
                                          [ _gptrput.rel ]
/opt/homebrew/bin/../share/sdcc/lib/small/libfloat.lib
                                          [ _fslt.rel ]
/opt/homebrew/bin/../share/sdcc/lib/small/libint.lib
                                          [ _moduint.rel ]
/opt/homebrew/bin/../share/sdcc/lib/small/libfloat.lib
                                          [ _fsadd.rel ]
/opt/homebrew/bin/../share/sdcc/lib/small/mcs51.lib
                                          [ crtxclear.rel ]
/opt/homebrew/bin/../share/sdcc/lib/small/libfloat.lib
                                          [ _fscmp.rel ]
/opt/homebrew/bin/../share/sdcc/lib/small/libfloat.lib
                                          [ _uint2fs.rel ]
/opt/homebrew/bin/../share/sdcc/lib/small/libfloat.lib
                                          [ _fs2uint.rel ]
/opt/homebrew/bin/../share/sdcc/lib/small/libfloat.lib
                                          [ _fsreturnval.rel ]
/opt/homebrew/bin/../share/sdcc/lib/small/mcs51.lib
                                          [ crtpagesfr.rel ]
/opt/homebrew/bin/../share/sdcc/lib/small/libfloat.lib
                                          [ _fsswapargs.rel ]
/opt/homebrew/bin/../share/sdcc/lib/small/mcs51.lib
                                          [ crtstart.rel ]
/opt/homebrew/bin/../share/sdcc/lib/small/libsdcc.lib
                                          [ _gptrget.rel ]
/opt/homebrew/bin/../share/sdcc/lib/small/libfloat.lib
                                          [ _ulong2fs.rel ]
/opt/homebrew/bin/../share/sdcc/lib/small/libfloat.lib
                                          [ _fsrshift.rel ]
/opt/homebrew/bin/../share/sdcc/lib/small/libfloat.lib
                                          [ _fs2ulong.rel ]
/opt/homebrew/bin/../share/sdcc/lib/small/libsdcc.lib
                                          [ _startup.rel ]
/opt/homebrew/bin/../share/sdcc/lib/small/libfloat.lib
                                          [ _fsget1arg.rel ]

ASxxxx Linker V03.00/V05.40 + sdld,  page 26.

User Base Address Definitions

HOME = 0x0000
ISEG = 0x0000
BSEG = 0x0000


?ASlink-Warning-Undefined Global '_BIT_TMP' referenced by module 'main'

?ASlink-Warning-Undefined Global '_Init_Timer' referenced by module 'main'

?ASlink-Warning-Undefined Global '_T0E' referenced by module 'main'

?ASlink-Warning-Undefined Global '_T1E' referenced by module 'main'

?ASlink-Warning-Undefined Global '_T2E' referenced by module 'main'

?ASlink-Warning-Undefined Global '_T3E' referenced by module 'main'

?ASlink-Warning-Undefined Global '_T0P' referenced by module 'main'

?ASlink-Warning-Undefined Global '_T1P' referenced by module 'main'

?ASlink-Warning-Undefined Global '_T2P' referenced by module 'main'

?ASlink-Warning-Undefined Global '_T3P' referenced by module 'main'

?ASlink-Warning-Undefined Global '_T_SV' referenced by module 'main'

?ASlink-Warning-Undefined Global '_RunVirtualTimer' referenced by module 'main'
